Category: 中央频道, Name: CCTV-1, Total: 81, Valid: 1, Valid Percent: 1.23%, Whitelist: 0, IPv4: 1, IPv6: 80, Min Delay: 543 ms, Max Speed: 7.32 M/s, Avg Speed: 7.32 M/s, Max Resolution: 1920x1080
Category: 中央频道, Name: CCTV-2, Total: 65, Valid: 0, Valid Percent: 0.00%, Whitelist: 0, IPv4: 0, IPv6: 65, Min Delay: -1 ms, Max Speed: 0.00 M/s, Avg Speed: 0.00 M/s, Max Resolution: None
Category: 中央频道, Name: CCTV-3, Total: 68, Valid: 1, Valid Percent: 1.47%, Whitelist: 0, IPv4: 1, IPv6: 67, Min Delay: 510 ms, Max Speed: 7.52 M/s, Avg Speed: 7.52 M/s, Max Resolution: 1920x1080
Category: 中央频道, Name: CCTV-4, Total: 145, Valid: 2, Valid Percent: 1.38%, Whitelist: 0, IPv4: 2, IPv6: 143, Min Delay: 534 ms, Max Speed: 7.48 M/s, Avg Speed: 3.90 M/s, Max Resolution: 1920x1080
Category: 中央频道, Name: CCTV-5, Total: 110, Valid: 0, Valid Percent: 0.00%, Whitelist: 0, IPv4: 0, IPv6: 110, Min Delay: -1 ms, Max Speed: 0.00 M/s, Avg Speed: 0.00 M/s, Max Resolution: None
Category: 中央频道, Name: CCTV-5+, Total: 31, Valid: 0, Valid Percent: 0.00%, Whitelist: 0, IPv4: 0, IPv6: 31, Min Delay: -1 ms, Max Speed: 0.00 M/s, Avg Speed: 0.00 M/s, Max Resolution: None
Category: 中央频道, Name: CCTV-6, Total: 76, Valid: 0, Valid Percent: 0.00%, Whitelist: 0, IPv4: 0, IPv6: 76, Min Delay: -1 ms, Max Speed: 0.00 M/s, Avg Speed: 0.00 M/s, Max Resolution: None
Category: 中央频道, Name: CCTV-7, Total: 69, Valid: 1, Valid Percent: 1.45%, Whitelist: 0, IPv4: 1, IPv6: 68, Min Delay: 674 ms, Max Speed: 5.97 M/s, Avg Speed: 5.97 M/s, Max Resolution: 1920x1080
Category: 中央频道, Name: CCTV-8, Total: 64, Valid: 0, Valid Percent: 0.00%, Whitelist: 0, IPv4: 0, IPv6: 64, Min Delay: -1 ms, Max Speed: 0.00 M/s, Avg Speed: 0.00 M/s, Max Resolution: None
Category: 中央频道, Name: CCTV-9, Total: 73, Valid: 0, Valid Percent: 0.00%, Whitelist: 0, IPv4: 0, IPv6: 73, Min Delay: -1 ms, Max Speed: 0.00 M/s, Avg Speed: 0.00 M/s, Max Resolution: None
Category: 中央频道, Name: CCTV-10, Total: 68, Valid: 1, Valid Percent: 1.47%, Whitelist: 0, IPv4: 1, IPv6: 67, Min Delay: 539 ms, Max Speed: 7.44 M/s, Avg Speed: 7.44 M/s, Max Resolution: 1920x1080
Category: 中央频道, Name: CCTV-11, Total: 65, Valid: 0, Valid Percent: 0.00%, Whitelist: 0, IPv4: 0, IPv6: 65, Min Delay: -1 ms, Max Speed: 0.00 M/s, Avg Speed: 0.00 M/s, Max Resolution: None
Category: 中央频道, Name: CCTV-12, Total: 71, Valid: 0, Valid Percent: 0.00%, Whitelist: 0, IPv4: 0, IPv6: 71, Min Delay: -1 ms, Max Speed: 0.00 M/s, Avg Speed: 0.00 M/s, Max Resolution: None
Category: 中央频道, Name: CCTV-13, Total: 77, Valid: 1, Valid Percent: 1.30%, Whitelist: 0, IPv4: 1, IPv6: 76, Min Delay: 1928 ms, Max Speed: 1.14 M/s, Avg Speed: 1.14 M/s, Max Resolution: 1920x1080
Category: 中央频道, Name: CCTV-14, Total: 71, Valid: 0, Valid Percent: 0.00%, Whitelist: 0, IPv4: 0, IPv6: 71, Min Delay: -1 ms, Max Speed: 0.00 M/s, Avg Speed: 0.00 M/s, Max Resolution: None
Category: 中央频道, Name: CCTV-15, Total: 73, Valid: 1, Valid Percent: 1.37%, Whitelist: 0, IPv4: 1, IPv6: 72, Min Delay: 658 ms, Max Speed: 7.79 M/s, Avg Speed: 7.79 M/s, Max Resolution: 1920x1080
Category: 中央频道, Name: CCTV-16, Total: 21, Valid: 1, Valid Percent: 4.76%, Whitelist: 0, IPv4: 1, IPv6: 20, Min Delay: 464 ms, Max Speed: 0.88 M/s, Avg Speed: 0.88 M/s, Max Resolution: 1920x1080
Category: 中央频道, Name: CCTV-17, Total: 69, Valid: 1, Valid Percent: 1.45%, Whitelist: 0, IPv4: 1, IPv6: 68, Min Delay: 752 ms, Max Speed: 6.89 M/s, Avg Speed: 6.89 M/s, Max Resolution: 1920x1080
Category: 中央频道, Name: CETV-1, Total: 90, Valid: 1, Valid Percent: 1.11%, Whitelist: 0, IPv4: 1, IPv6: 89, Min Delay: 420 ms, Max Speed: 0.03 M/s, Avg Speed: 0.03 M/s, Max Resolution: None
Category: 中央频道, Name: CETV-2, Total: 78, Valid: 0, Valid Percent: 0.00%, Whitelist: 0, IPv4: 0, IPv6: 78, Min Delay: -1 ms, Max Speed: 0.00 M/s, Avg Speed: 0.00 M/s, Max Resolution: None
Category: 中央频道, Name: CETV-3, Total: 6, Valid: 0, Valid Percent: 0.00%, Whitelist: 0, IPv4: 0, IPv6: 6, Min Delay: -1 ms, Max Speed: 0.00 M/s, Avg Speed: 0.00 M/s, Max Resolution: None
Category: 中央频道, Name: CETV-4, Total: 85, Valid: 1, Valid Percent: 1.18%, Whitelist: 0, IPv4: 1, IPv6: 84, Min Delay: 392 ms, Max Speed: 0.01 M/s, Avg Speed: 0.01 M/s, Max Resolution: 1920x1080
Category: 央视频道, Name: 文化精品, Total: 2, Valid: 0, Valid Percent: 0.00%, Whitelist: 0, IPv4: 0, IPv6: 2, Min Delay: -1 ms, Max Speed: 0.00 M/s, Avg Speed: 0.00 M/s, Max Resolution: None
Category: 央视频道, Name: 央视台球, Total: 3, Valid: 0, Valid Percent: 0.00%, Whitelist: 0, IPv4: 0, IPv6: 3, Min Delay: -1 ms, Max Speed: 0.00 M/s, Avg Speed: 0.00 M/s, Max Resolution: None
Category: 央视频道, Name: 风云音乐, Total: 3, Valid: 1, Valid Percent: 33.33%, Whitelist: 0, IPv4: 1, IPv6: 2, Min Delay: 413 ms, Max Speed: 0.09 M/s, Avg Speed: 0.09 M/s, Max Resolution: 1920x1080
Category: 央视频道, Name: 第一剧场, Total: 6, Valid: 1, Valid Percent: 16.67%, Whitelist: 0, IPv4: 1, IPv6: 5, Min Delay: 441 ms, Max Speed: 0.01 M/s, Avg Speed: 0.01 M/s, Max Resolution: 1920x1080
Category: 央视频道, Name: 风云剧场, Total: 2, Valid: 0, Valid Percent: 0.00%, Whitelist: 0, IPv4: 0, IPv6: 2, Min Delay: -1 ms, Max Speed: 0.00 M/s, Avg Speed: 0.00 M/s, Max Resolution: None
Category: 央视频道, Name: 怀旧剧场, Total: 4, Valid: 2, Valid Percent: 50.00%, Whitelist: 0, IPv4: 2, IPv6: 2, Min Delay: 415 ms, Max Speed: 7.13 M/s, Avg Speed: 3.60 M/s, Max Resolution: 1920x1080
Category: 央视频道, Name: 女性时尚, Total: 1, Valid: 0, Valid Percent: 0.00%, Whitelist: 0, IPv4: 0, IPv6: 1, Min Delay: -1 ms, Max Speed: 0.00 M/s, Avg Speed: 0.00 M/s, Max Resolution: None
Category: 央视频道, Name: 高尔夫网球, Total: 2, Valid: 0, Valid Percent: 0.00%, Whitelist: 0, IPv4: 0, IPv6: 2, Min Delay: -1 ms, Max Speed: 0.00 M/s, Avg Speed: 0.00 M/s, Max Resolution: None
Category: 央视频道, Name: 风云足球, Total: 5, Valid: 1, Valid Percent: 20.00%, Whitelist: 0, IPv4: 1, IPv6: 4, Min Delay: 574 ms, Max Speed: 8.25 M/s, Avg Speed: 8.25 M/s, Max Resolution: 1920x1080
Category: 央视频道, Name: 电视指南, Total: 2, Valid: 1, Valid Percent: 50.00%, Whitelist: 0, IPv4: 1, IPv6: 1, Min Delay: 1358 ms, Max Speed: 0.02 M/s, Avg Speed: 0.02 M/s, Max Resolution: None
Category: 央视频道, Name: 世界地理, Total: 8, Valid: 5, Valid Percent: 62.50%, Whitelist: 0, IPv4: 8, IPv6: 0, Min Delay: 270 ms, Max Speed: 1.78 M/s, Avg Speed: 0.42 M/s, Max Resolution: 1920x1080
Category: 央视频道, Name: 兵器科技, Total: 3, Valid: 1, Valid Percent: 33.33%, Whitelist: 0, IPv4: 1, IPv6: 2, Min Delay: 444 ms, Max Speed: 0.01 M/s, Avg Speed: 0.01 M/s, Max Resolution: 1920x1080
Category: 卫视频道, Name: 安徽卫视, Total: 10, Valid: 1, Valid Percent: 10.00%, Whitelist: 0, IPv4: 1, IPv6: 9, Min Delay: 69 ms, Max Speed: 1.32 M/s, Avg Speed: 1.32 M/s, Max Resolution: None
Category: 卫视频道, Name: 广东卫视, Total: 60, Valid: 1, Valid Percent: 1.67%, Whitelist: 0, IPv4: 1, IPv6: 59, Min Delay: 70 ms, Max Speed: 1.39 M/s, Avg Speed: 1.39 M/s, Max Resolution: None
Category: 卫视频道, Name: 香港卫视, Total: 12, Valid: 0, Valid Percent: 0.00%, Whitelist: 0, IPv4: 0, IPv6: 12, Min Delay: -1 ms, Max Speed: 0.00 M/s, Avg Speed: 0.00 M/s, Max Resolution: None
Category: 卫视频道, Name: 浙江卫视, Total: 87, Valid: 1, Valid Percent: 1.15%, Whitelist: 0, IPv4: 1, IPv6: 86, Min Delay: 513 ms, Max Speed: 0.00 M/s, Avg Speed: 0.00 M/s, Max Resolution: None
Category: 卫视频道, Name: 湖南卫视, Total: 66, Valid: 5, Valid Percent: 7.58%, Whitelist: 0, IPv4: 5, IPv6: 61, Min Delay: 70 ms, Max Speed: 1.36 M/s, Avg Speed: 0.32 M/s, Max Resolution: None
Category: 卫视频道, Name: 北京卫视, Total: 54, Valid: 3, Valid Percent: 5.56%, Whitelist: 0, IPv4: 3, IPv6: 51, Min Delay: 58 ms, Max Speed: 7.69 M/s, Avg Speed: 3.11 M/s, Max Resolution: 3840x2160
Category: 卫视频道, Name: 湖北卫视, Total: 71, Valid: 2, Valid Percent: 2.82%, Whitelist: 0, IPv4: 2, IPv6: 69, Min Delay: 70 ms, Max Speed: 7.15 M/s, Avg Speed: 4.24 M/s, Max Resolution: 1920x1080
Category: 卫视频道, Name: 黑龙江卫视, Total: 12, Valid: 1, Valid Percent: 8.33%, Whitelist: 0, IPv4: 1, IPv6: 11, Min Delay: 70 ms, Max Speed: 1.35 M/s, Avg Speed: 1.35 M/s, Max Resolution: None
Category: 卫视频道, Name: 重庆卫视, Total: 16, Valid: 2, Valid Percent: 12.50%, Whitelist: 0, IPv4: 2, IPv6: 14, Min Delay: 59 ms, Max Speed: 7.49 M/s, Avg Speed: 4.58 M/s, Max Resolution: 1920x1080
Category: 卫视频道, Name: 东方卫视, Total: 74, Valid: 2, Valid Percent: 2.70%, Whitelist: 0, IPv4: 2, IPv6: 72, Min Delay: 166 ms, Max Speed: 34.02 M/s, Avg Speed: 20.71 M/s, Max Resolution: 1920x1080
Category: 卫视频道, Name: 东南卫视, Total: 22, Valid: 1, Valid Percent: 4.55%, Whitelist: 0, IPv4: 1, IPv6: 21, Min Delay: 71 ms, Max Speed: 1.36 M/s, Avg Speed: 1.36 M/s, Max Resolution: None
Category: 卫视频道, Name: 甘肃卫视, Total: 12, Valid: 1, Valid Percent: 8.33%, Whitelist: 0, IPv4: 1, IPv6: 11, Min Delay: 70 ms, Max Speed: 1.34 M/s, Avg Speed: 1.34 M/s, Max Resolution: None
Category: 卫视频道, Name: 广西卫视, Total: 14, Valid: 1, Valid Percent: 7.14%, Whitelist: 0, IPv4: 1, IPv6: 13, Min Delay: 568 ms, Max Speed: 9.42 M/s, Avg Speed: 9.42 M/s, Max Resolution: 1920x1080
Category: 卫视频道, Name: 贵州卫视, Total: 15, Valid: 1, Valid Percent: 6.67%, Whitelist: 0, IPv4: 1, IPv6: 14, Min Delay: 59 ms, Max Speed: 1.68 M/s, Avg Speed: 1.68 M/s, Max Resolution: None
Category: 卫视频道, Name: 海南卫视, Total: 101, Valid: 2, Valid Percent: 1.98%, Whitelist: 0, IPv4: 2, IPv6: 99, Min Delay: 59 ms, Max Speed: 1.51 M/s, Avg Speed: 1.46 M/s, Max Resolution: 1920x1080
Category: 卫视频道, Name: 河北卫视, Total: 12, Valid: 1, Valid Percent: 8.33%, Whitelist: 0, IPv4: 1, IPv6: 11, Min Delay: 63 ms, Max Speed: 1.51 M/s, Avg Speed: 1.51 M/s, Max Resolution: None
Category: 卫视频道, Name: 河南卫视, Total: 64, Valid: 3, Valid Percent: 4.69%, Whitelist: 0, IPv4: 3, IPv6: 61, Min Delay: 71 ms, Max Speed: 9.65 M/s, Avg Speed: 5.06 M/s, Max Resolution: 1920x1080
Category: 卫视频道, Name: 吉林卫视, Total: 65, Valid: 1, Valid Percent: 1.54%, Whitelist: 0, IPv4: 1, IPv6: 64, Min Delay: 70 ms, Max Speed: 1.40 M/s, Avg Speed: 1.40 M/s, Max Resolution: None
Category: 卫视频道, Name: 江苏卫视, Total: 65, Valid: 0, Valid Percent: 0.00%, Whitelist: 0, IPv4: 0, IPv6: 65, Min Delay: -1 ms, Max Speed: 0.00 M/s, Avg Speed: 0.00 M/s, Max Resolution: None
Category: 卫视频道, Name: 江西卫视, Total: 71, Valid: 1, Valid Percent: 1.41%, Whitelist: 0, IPv4: 1, IPv6: 70, Min Delay: 58 ms, Max Speed: 1.68 M/s, Avg Speed: 1.68 M/s, Max Resolution: None
Category: 卫视频道, Name: 辽宁卫视, Total: 66, Valid: 1, Valid Percent: 1.52%, Whitelist: 0, IPv4: 1, IPv6: 65, Min Delay: 587 ms, Max Speed: 9.12 M/s, Avg Speed: 9.12 M/s, Max Resolution: 1920x1080
Category: 卫视频道, Name: 内蒙古卫视, Total: 49, Valid: 1, Valid Percent: 2.04%, Whitelist: 0, IPv4: 1, IPv6: 48, Min Delay: 58 ms, Max Speed: 1.56 M/s, Avg Speed: 1.56 M/s, Max Resolution: None
Category: 卫视频道, Name: 宁夏卫视, Total: 25, Valid: 1, Valid Percent: 4.00%, Whitelist: 0, IPv4: 1, IPv6: 24, Min Delay: 58 ms, Max Speed: 1.42 M/s, Avg Speed: 1.42 M/s, Max Resolution: None
Category: 卫视频道, Name: 青海卫视, Total: 89, Valid: 1, Valid Percent: 1.12%, Whitelist: 0, IPv4: 1, IPv6: 88, Min Delay: 58 ms, Max Speed: 1.45 M/s, Avg Speed: 1.45 M/s, Max Resolution: None
Category: 卫视频道, Name: 山东卫视, Total: 13, Valid: 2, Valid Percent: 15.38%, Whitelist: 0, IPv4: 2, IPv6: 11, Min Delay: 58 ms, Max Speed: 7.34 M/s, Avg Speed: 4.44 M/s, Max Resolution: 1920x1080
Category: 卫视频道, Name: 山西卫视, Total: 12, Valid: 2, Valid Percent: 16.67%, Whitelist: 0, IPv4: 2, IPv6: 10, Min Delay: 58 ms, Max Speed: 5.85 M/s, Avg Speed: 3.71 M/s, Max Resolution: 1920x1080
Category: 卫视频道, Name: 陕西卫视, Total: 59, Valid: 1, Valid Percent: 1.69%, Whitelist: 0, IPv4: 1, IPv6: 58, Min Delay: 69 ms, Max Speed: 1.40 M/s, Avg Speed: 1.40 M/s, Max Resolution: None
Category: 卫视频道, Name: 四川卫视, Total: 21, Valid: 4, Valid Percent: 19.05%, Whitelist: 0, IPv4: 4, IPv6: 17, Min Delay: 59 ms, Max Speed: 1.54 M/s, Avg Speed: 0.41 M/s, Max Resolution: 3840x2160
Category: 卫视频道, Name: 深圳卫视, Total: 17, Valid: 1, Valid Percent: 5.88%, Whitelist: 0, IPv4: 1, IPv6: 16, Min Delay: 70 ms, Max Speed: 1.40 M/s, Avg Speed: 1.40 M/s, Max Resolution: None
Category: 卫视频道, Name: 三沙卫视, Total: 48, Valid: 0, Valid Percent: 0.00%, Whitelist: 0, IPv4: 0, IPv6: 48, Min Delay: -1 ms, Max Speed: 0.00 M/s, Avg Speed: 0.00 M/s, Max Resolution: None
Category: 卫视频道, Name: 天津卫视, Total: 16, Valid: 0, Valid Percent: 0.00%, Whitelist: 0, IPv4: 0, IPv6: 16, Min Delay: -1 ms, Max Speed: 0.00 M/s, Avg Speed: 0.00 M/s, Max Resolution: None
Category: 卫视频道, Name: 西藏卫视, Total: 11, Valid: 1, Valid Percent: 9.09%, Whitelist: 0, IPv4: 1, IPv6: 10, Min Delay: 70 ms, Max Speed: 1.49 M/s, Avg Speed: 1.49 M/s, Max Resolution: None
Category: 卫视频道, Name: 新疆卫视, Total: 16, Valid: 1, Valid Percent: 6.25%, Whitelist: 0, IPv4: 1, IPv6: 15, Min Delay: 70 ms, Max Speed: 1.46 M/s, Avg Speed: 1.46 M/s, Max Resolution: None
Category: 卫视频道, Name: 云南卫视, Total: 12, Valid: 1, Valid Percent: 8.33%, Whitelist: 0, IPv4: 1, IPv6: 11, Min Delay: 59 ms, Max Speed: 1.69 M/s, Avg Speed: 1.69 M/s, Max Resolution: None
Category: 港·澳·台, Name: 翡翠台, Total: 154, Valid: 2, Valid Percent: 1.30%, Whitelist: 0, IPv4: 2, IPv6: 152, Min Delay: 11 ms, Max Speed: 28.78 M/s, Avg Speed: 27.12 M/s, Max Resolution: 1920x1080
Category: 港·澳·台, Name: 明珠台, Total: 77, Valid: 0, Valid Percent: 0.00%, Whitelist: 0, IPv4: 0, IPv6: 77, Min Delay: -1 ms, Max Speed: 0.00 M/s, Avg Speed: 0.00 M/s, Max Resolution: None
Category: 港·澳·台, Name: 凤凰中文, Total: 104, Valid: 0, Valid Percent: 0.00%, Whitelist: 0, IPv4: 0, IPv6: 104, Min Delay: -1 ms, Max Speed: 0.00 M/s, Avg Speed: 0.00 M/s, Max Resolution: None
Category: 港·澳·台, Name: 凤凰资讯, Total: 103, Valid: 0, Valid Percent: 0.00%, Whitelist: 0, IPv4: 0, IPv6: 103, Min Delay: -1 ms, Max Speed: 0.00 M/s, Avg Speed: 0.00 M/s, Max Resolution: None
Category: 港·澳·台, Name: 凤凰香港, Total: 98, Valid: 1, Valid Percent: 1.02%, Whitelist: 0, IPv4: 1, IPv6: 97, Min Delay: 13 ms, Max Speed: 23.12 M/s, Avg Speed: 23.12 M/s, Max Resolution: 1920x1080
Category: 港·澳·台, Name: 凤凰卫视, Total: 4, Valid: 0, Valid Percent: 0.00%, Whitelist: 0, IPv4: 0, IPv6: 4, Min Delay: -1 ms, Max Speed: 0.00 M/s, Avg Speed: 0.00 M/s, Max Resolution: None
Category: 港·澳·台, Name: TVBS亚洲, Total: 1, Valid: 0, Valid Percent: 0.00%, Whitelist: 0, IPv4: 0, IPv6: 1, Min Delay: -1 ms, Max Speed: 0.00 M/s, Avg Speed: 0.00 M/s, Max Resolution: None
Category: 港·澳·台, Name: 香港卫视, Total: 12, Valid: 0, Valid Percent: 0.00%, Whitelist: 0, IPv4: 0, IPv6: 12, Min Delay: -1 ms, Max Speed: 0.00 M/s, Avg Speed: 0.00 M/s, Max Resolution: None
Category: 港·澳·台, Name: 纬来体育, Total: 6, Valid: 1, Valid Percent: 16.67%, Whitelist: 0, IPv4: 1, IPv6: 5, Min Delay: 10 ms, Max Speed: 31.93 M/s, Avg Speed: 31.93 M/s, Max Resolution: 1920x1080
Category: 港·澳·台, Name: 纬来育乐, Total: 45, Valid: 1, Valid Percent: 2.22%, Whitelist: 0, IPv4: 1, IPv6: 44, Min Delay: 12 ms, Max Speed: 26.86 M/s, Avg Speed: 26.86 M/s, Max Resolution: 1920x1080
Category: 港·澳·台, Name: J2, Total: 2, Valid: 0, Valid Percent: 0.00%, Whitelist: 0, IPv4: 0, IPv6: 2, Min Delay: -1 ms, Max Speed: 0.00 M/s, Avg Speed: 0.00 M/s, Max Resolution: None
Category: 港·澳·台, Name: Viutv, Total: 2, Valid: 1, Valid Percent: 50.00%, Whitelist: 0, IPv4: 1, IPv6: 1, Min Delay: 11 ms, Max Speed: 28.16 M/s, Avg Speed: 28.16 M/s, Max Resolution: 1920x1080
Category: 港·澳·台, Name: 三立台湾, Total: 2, Valid: 1, Valid Percent: 50.00%, Whitelist: 0, IPv4: 1, IPv6: 1, Min Delay: 11 ms, Max Speed: 27.65 M/s, Avg Speed: 27.65 M/s, Max Resolution: 1920x1080
Category: 港·澳·台, Name: 三立新闻, Total: 8, Valid: 0, Valid Percent: 0.00%, Whitelist: 0, IPv4: 0, IPv6: 8, Min Delay: -1 ms, Max Speed: 0.00 M/s, Avg Speed: 0.00 M/s, Max Resolution: None
Category: 港·澳·台, Name: 东森综合, Total: 3, Valid: 2, Valid Percent: 66.67%, Whitelist: 0, IPv4: 2, IPv6: 1, Min Delay: 11 ms, Max Speed: 26.87 M/s, Avg Speed: 24.81 M/s, Max Resolution: 1920x1080
Category: 港·澳·台, Name: 东森超视, Total: 13, Valid: 4, Valid Percent: 30.77%, Whitelist: 0, IPv4: 4, IPv6: 9, Min Delay: 12 ms, Max Speed: 25.70 M/s, Avg Speed: 18.99 M/s, Max Resolution: 1920x1080
Category: 港·澳·台, Name: 东森电影, Total: 3, Valid: 1, Valid Percent: 33.33%, Whitelist: 0, IPv4: 1, IPv6: 2, Min Delay: 10 ms, Max Speed: 30.94 M/s, Avg Speed: 30.94 M/s, Max Resolution: 1920x1080
Category: 港·澳·台, Name: Now剧集, Total: 1, Valid: 0, Valid Percent: 0.00%, Whitelist: 0, IPv4: 1, IPv6: 0, Min Delay: 354 ms, Max Speed: 0.00 M/s, Avg Speed: 0.00 M/s, Max Resolution: None
Category: 港·澳·台, Name: Now华剧, Total: 1, Valid: 1, Valid Percent: 100.00%, Whitelist: 0, IPv4: 1, IPv6: 0, Min Delay: 389 ms, Max Speed: 1.92 M/s, Avg Speed: 1.92 M/s, Max Resolution: 720x728
Category: 港·澳·台, Name: 靖天资讯, Total: 22, Valid: 1, Valid Percent: 4.55%, Whitelist: 0, IPv4: 1, IPv6: 21, Min Delay: 13 ms, Max Speed: 24.05 M/s, Avg Speed: 24.05 M/s, Max Resolution: 1920x1080
Category: 港·澳·台, Name: 星空卫视, Total: 8, Valid: 1, Valid Percent: 12.50%, Whitelist: 0, IPv4: 1, IPv6: 7, Min Delay: 11 ms, Max Speed: 27.37 M/s, Avg Speed: 27.37 M/s, Max Resolution: 1920x1080
Category: 港·澳·台, Name: 东森洋片, Total: 45, Valid: 1, Valid Percent: 2.22%, Whitelist: 0, IPv4: 1, IPv6: 44, Min Delay: 13 ms, Max Speed: 23.85 M/s, Avg Speed: 23.85 M/s, Max Resolution: 1920x1080
Category: 电影频道, Name: CHC家庭影院, Total: 47, Valid: 0, Valid Percent: 0.00%, Whitelist: 0, IPv4: 0, IPv6: 47, Min Delay: -1 ms, Max Speed: 0.00 M/s, Avg Speed: 0.00 M/s, Max Resolution: None
Category: 电影频道, Name: CHC动作电影, Total: 45, Valid: 0, Valid Percent: 0.00%, Whitelist: 0, IPv4: 0, IPv6: 45, Min Delay: -1 ms, Max Speed: 0.00 M/s, Avg Speed: 0.00 M/s, Max Resolution: None
Category: 电影频道, Name: CHC高清电影, Total: 7, Valid: 4, Valid Percent: 57.14%, Whitelist: 0, IPv4: 7, IPv6: 0, Min Delay: 10005 ms, Max Speed: 0.17 M/s, Avg Speed: 0.06 M/s, Max Resolution: 1920x1080
Category: 电影频道, Name: 淘剧场, Total: 5, Valid: 0, Valid Percent: 0.00%, Whitelist: 0, IPv4: 0, IPv6: 5, Min Delay: -1 ms, Max Speed: 0.00 M/s, Avg Speed: 0.00 M/s, Max Resolution: None
Category: 电影频道, Name: 淘娱乐, Total: 5, Valid: 0, Valid Percent: 0.00%, Whitelist: 0, IPv4: 0, IPv6: 5, Min Delay: -1 ms, Max Speed: 0.00 M/s, Avg Speed: 0.00 M/s, Max Resolution: None
Category: 电影频道, Name: 淘电影, Total: 8, Valid: 0, Valid Percent: 0.00%, Whitelist: 0, IPv4: 0, IPv6: 8, Min Delay: -1 ms, Max Speed: 0.00 M/s, Avg Speed: 0.00 M/s, Max Resolution: None
Category: 电影频道, Name: NewTV惊悚悬疑, Total: 8, Valid: 0, Valid Percent: 0.00%, Whitelist: 0, IPv4: 0, IPv6: 8, Min Delay: -1 ms, Max Speed: 0.00 M/s, Avg Speed: 0.00 M/s, Max Resolution: None
Category: 电影频道, Name: NewTV动作电影, Total: 3, Valid: 0, Valid Percent: 0.00%, Whitelist: 0, IPv4: 0, IPv6: 3, Min Delay: -1 ms, Max Speed: 0.00 M/s, Avg Speed: 0.00 M/s, Max Resolution: None
Category: 电影频道, Name: 纬来电影, Total: 49, Valid: 0, Valid Percent: 0.00%, Whitelist: 0, IPv4: 0, IPv6: 49, Min Delay: -1 ms, Max Speed: 0.00 M/s, Avg Speed: 0.00 M/s, Max Resolution: None
Category: 电影频道, Name: 靖天映画, Total: 7, Valid: 1, Valid Percent: 14.29%, Whitelist: 0, IPv4: 1, IPv6: 6, Min Delay: 12 ms, Max Speed: 26.34 M/s, Avg Speed: 26.34 M/s, Max Resolution: 1920x1080
Category: 电影频道, Name: 靖天戏剧, Total: 20, Valid: 1, Valid Percent: 5.00%, Whitelist: 0, IPv4: 1, IPv6: 19, Min Delay: 12 ms, Max Speed: 26.74 M/s, Avg Speed: 26.74 M/s, Max Resolution: 1920x1080
Category: 电影频道, Name: 经典电影, Total: 8, Valid: 1, Valid Percent: 12.50%, Whitelist: 0, IPv4: 1, IPv6: 7, Min Delay: 12 ms, Max Speed: 25.20 M/s, Avg Speed: 25.20 M/s, Max Resolution: 1920x1080
Category: 电影频道, Name: IPTV经典电影, Total: 2, Valid: 2, Valid Percent: 100.00%, Whitelist: 0, IPv4: 2, IPv6: 0, Min Delay: 48 ms, Max Speed: 9.58 M/s, Avg Speed: 4.93 M/s, Max Resolution: 1920x1080
Category: 电影频道, Name: 天映经典, Total: 50, Valid: 0, Valid Percent: 0.00%, Whitelist: 0, IPv4: 0, IPv6: 50, Min Delay: -1 ms, Max Speed: 0.00 M/s, Avg Speed: 0.00 M/s, Max Resolution: None
Category: 电影频道, Name: 无线星河, Total: 8, Valid: 0, Valid Percent: 0.00%, Whitelist: 0, IPv4: 0, IPv6: 8, Min Delay: -1 ms, Max Speed: 0.00 M/s, Avg Speed: 0.00 M/s, Max Resolution: None
Category: 动画频道, Name: 少儿动画, Total: 1, Valid: 1, Valid Percent: 100.00%, Whitelist: 0, IPv4: 1, IPv6: 0, Min Delay: 407 ms, Max Speed: 0.46 M/s, Avg Speed: 0.46 M/s, Max Resolution: 1920x1080
Category: 动画频道, Name: 动漫秀场, Total: 18, Valid: 0, Valid Percent: 0.00%, Whitelist: 0, IPv4: 0, IPv6: 18, Min Delay: -1 ms, Max Speed: 0.00 M/s, Avg Speed: 0.00 M/s, Max Resolution: None
Category: 动画频道, Name: 新动漫, Total: 9, Valid: 1, Valid Percent: 11.11%, Whitelist: 0, IPv4: 9, IPv6: 0, Min Delay: 10004 ms, Max Speed: 0.00 M/s, Avg Speed: 0.00 M/s, Max Resolution: None
Category: 动画频道, Name: 爱动漫, Total: 3, Valid: 0, Valid Percent: 0.00%, Whitelist: 0, IPv4: 0, IPv6: 3, Min Delay: -1 ms, Max Speed: 0.00 M/s, Avg Speed: 0.00 M/s, Max Resolution: None
Category: 动画频道, Name: CN卡通, Total: 3, Valid: 1, Valid Percent: 33.33%, Whitelist: 0, IPv4: 1, IPv6: 2, Min Delay: 11 ms, Max Speed: 27.06 M/s, Avg Speed: 27.06 M/s, Max Resolution: 1920x1080
Category: 动画频道, Name: 优漫卡通, Total: 9, Valid: 0, Valid Percent: 0.00%, Whitelist: 0, IPv4: 0, IPv6: 9, Min Delay: -1 ms, Max Speed: 0.00 M/s, Avg Speed: 0.00 M/s, Max Resolution: None
Category: 动画频道, Name: 金鹰卡通, Total: 20, Valid: 0, Valid Percent: 0.00%, Whitelist: 0, IPv4: 0, IPv6: 20, Min Delay: -1 ms, Max Speed: 0.00 M/s, Avg Speed: 0.00 M/s, Max Resolution: None
Category: 动画频道, Name: 24H国漫热播, Total: 1, Valid: 1, Valid Percent: 100.00%, Whitelist: 0, IPv4: 1, IPv6: 0, Min Delay: 56 ms, Max Speed: 9.47 M/s, Avg Speed: 9.47 M/s, Max Resolution: 1920x1080
Category: 动画频道, Name: 浙江少儿, Total: 7, Valid: 0, Valid Percent: 0.00%, Whitelist: 0, IPv4: 0, IPv6: 7, Min Delay: -1 ms, Max Speed: 0.00 M/s, Avg Speed: 0.00 M/s, Max Resolution: None
Category: 动画频道, Name: 七龙珠, Total: 1, Valid: 0, Valid Percent: 0.00%, Whitelist: 0, IPv4: 0, IPv6: 1, Min Delay: -1 ms, Max Speed: 0.00 M/s, Avg Speed: 0.00 M/s, Max Resolution: None
Category: 动画频道, Name: 火影忍者, Total: 1, Valid: 0, Valid Percent: 0.00%, Whitelist: 0, IPv4: 0, IPv6: 1, Min Delay: -1 ms, Max Speed: 0.00 M/s, Avg Speed: 0.00 M/s, Max Resolution: None
Category: 动画频道, Name: 海绵宝宝, Total: 1, Valid: 0, Valid Percent: 0.00%, Whitelist: 0, IPv4: 0, IPv6: 1, Min Delay: -1 ms, Max Speed: 0.00 M/s, Avg Speed: 0.00 M/s, Max Resolution: None
Category: 动画频道, Name: 中华小当家, Total: 3, Valid: 0, Valid Percent: 0.00%, Whitelist: 0, IPv4: 0, IPv6: 3, Min Delay: -1 ms, Max Speed: 0.00 M/s, Avg Speed: 0.00 M/s, Max Resolution: None
Category: 动画频道, Name: 猫和老鼠, Total: 3, Valid: 0, Valid Percent: 0.00%, Whitelist: 0, IPv4: 0, IPv6: 3, Min Delay: -1 ms, Max Speed: 0.00 M/s, Avg Speed: 0.00 M/s, Max Resolution: None
Category: 动画频道, Name: 经典动漫, Total: 1, Valid: 0, Valid Percent: 0.00%, Whitelist: 0, IPv4: 0, IPv6: 1, Min Delay: -1 ms, Max Speed: 0.00 M/s, Avg Speed: 0.00 M/s, Max Resolution: None
Category: 动画频道, Name: 蜡笔小新, Total: 1, Valid: 1, Valid Percent: 100.00%, Whitelist: 0, IPv4: 1, IPv6: 0, Min Delay: 59 ms, Max Speed: 9.89 M/s, Avg Speed: 9.89 M/s, Max Resolution: 1920x1080
Category: 经典剧场, Name: 笑傲江湖, Total: 4, Valid: 1, Valid Percent: 25.00%, Whitelist: 0, IPv4: 1, IPv6: 3, Min Delay: 40 ms, Max Speed: 11.13 M/s, Avg Speed: 11.13 M/s, Max Resolution: 1920x1080
Category: 经典剧场, Name: 天龙八部, Total: 4, Valid: 0, Valid Percent: 0.00%, Whitelist: 0, IPv4: 0, IPv6: 4, Min Delay: -1 ms, Max Speed: 0.00 M/s, Avg Speed: 0.00 M/s, Max Resolution: None
Category: 经典剧场, Name: 鹿鼎记, Total: 2, Valid: 2, Valid Percent: 100.00%, Whitelist: 0, IPv4: 2, IPv6: 0, Min Delay: 1240 ms, Max Speed: 0.25 M/s, Avg Speed: 0.23 M/s, Max Resolution: 1280x720
Category: 经典剧场, Name: 西游记, Total: 3, Valid: 0, Valid Percent: 0.00%, Whitelist: 0, IPv4: 0, IPv6: 3, Min Delay: -1 ms, Max Speed: 0.00 M/s, Avg Speed: 0.00 M/s, Max Resolution: None
Category: 经典剧场, Name: 三国演义, Total: 2, Valid: 0, Valid Percent: 0.00%, Whitelist: 0, IPv4: 0, IPv6: 2, Min Delay: -1 ms, Max Speed: 0.00 M/s, Avg Speed: 0.00 M/s, Max Resolution: None
Category: 经典剧场, Name: 新白娘子传奇, Total: 3, Valid: 0, Valid Percent: 0.00%, Whitelist: 0, IPv4: 0, IPv6: 3, Min Delay: -1 ms, Max Speed: 0.00 M/s, Avg Speed: 0.00 M/s, Max Resolution: None
